// Vitest Snapshot v1, https://vitest.dev/guide/snapshot.html

exports[`ResultPreview > renders empty state correctly 1`] = `
<div>
  <div
    class="h-full"
    style="overflow: hidden;"
  >
    <style>
      
  @keyframes spin-slow {
    from {
      transform: rotate(0deg);
    }
    to {
      transform: rotate(360deg);
    }
  }
  .animate-spin-slow {
    animation: spin-slow 1s linear infinite;
  }

    </style>
    <div
      class="h-full"
    >
      <div
        class="bg-light-background-00 dark:bg-dark-background-00 flex h-full flex-col items-center justify-center"
      >
        <img
          alt="Lightup"
          class="logo-pulse h-auto w-full max-w-xs opacity-10"
          src="/lightup.png"
        />
      </div>
    </div>
  </div>
</div>
`;
